error: unexpected token
 --> tests/fail/invalid_syntax.rs:4:12
  |
4 |     layer!(meow);
  |            ^^^^
